
Map of Debug\gb_stm8s_timers_delay.sm8 from link file Debug\gb_stm8s_timers_delay.lkf - Thu Jun 10 00:10:48 2021


                               --------
                               Segments
                               --------

start 00008080 end 00008080 length     0 segment .const
start 00008083 end 00008173 length   240 segment .text
start 00004000 end 00004000 length     0 segment .eeprom
start 00000000 end 00000000 length     0 segment .bsct
start 00000000 end 00000006 length     6 segment .ubsct
start 00000006 end 00000006 length     0 segment .bit
start 00000006 end 00000006 length     0 segment .share
start 00000100 end 00000100 length     0 segment .data
start 00000100 end 00000100 length     0 segment .bss
start 00000000 end 000002ab length   683 segment .info.
start 00000000 end 00000540 length  1344 segment .debug
start 00008000 end 00008080 length   128 segment .const
start 00008080 end 00008083 length     3 segment .init


                               -------
                               Modules
                               -------

C:\Program Files (x86)\COSMIC\FSE_Compilers\CXSTM8\lib\crtsi0.sm8:
start 00008083 end 000080d3 length    80 section .text
start 00000100 end 00000100 length     0 section .bss
start 00000000 end 00000000 length     0 section .ubsct
start 00000000 end 00000034 length    52 section .info.

Debug\gb_stm8s103_delay.o:
start 000080d3 end 0000814b length   120 section .text
start 00000000 end 00000265 length   613 section .debug
start 00000034 end 000000ac length   120 section .info.

Debug\gb_stm8s103_gpio.o:
start 0000814b end 00008160 length    21 section .text
start 00000265 end 00000327 length   194 section .debug
start 000000ac end 00000123 length   119 section .info.

Debug\main.o:
start 00008160 end 00008172 length    18 section .text
start 00000327 end 000003d5 length   174 section .debug
start 00000123 end 0000018e length   107 section .info.

(C:\Program Files (x86)\COSMIC\FSE_Compilers\CXSTM8\lib\libm0.sm8)xreg.o:
start 00000000 end 00000003 length     3 section .ubsct
start 0000018e end 000001bd length    47 section .info.

(C:\Program Files (x86)\COSMIC\FSE_Compilers\CXSTM8\lib\libm0.sm8)yreg.o:
start 00000003 end 00000006 length     3 section .ubsct
start 000001bd end 000001ec length    47 section .info.

Debug\stm8_interrupt_vector.o:
start 00008172 end 00008173 length     1 section .text
start 000003d5 end 00000540 length   363 section .debug
start 000001ec end 00000268 length   124 section .info.
start 00008000 end 00008080 length   128 section .const


                             -----------
                             Stack usage
                             -----------

Debug\gb_stm8s103_delay.o:
_gb_delay_ms               12   (8)
_gb_delay_sec          >   18   (6)
_gb_delay_us                4   (4)
_gb_timer_init              2   (2)

Debug\gb_stm8s103_gpio.o:
_gb_bled_conf               2   (2)

Debug\main.o:
_main                  >   14   (2)

Debug\stm8_interrupt_vector.o:
f_NonHandledInterrupt  >    6   (6)

Stack size: 24


                              ---------
                              Call tree
                              ---------
   1 > __stext: (0)

   2 > _gb_delay_sec: (6)
   3      + _gb_delay_ms: (8)
   4      |    + _gb_delay_us: (4)
          | 
       
   5 > _main: (2)
   6      + _gb_bled_conf: (2)
   7      + _gb_delay_ms --> 3
   8      + _gb_timer_init: (2)
       
   9 > f_NonHandledInterrupt: (6)

  10   _gb_bled_conf --> 6

  11   _gb_delay_ms --> 3

  12   _gb_delay_us --> 4

  13   _gb_timer_init --> 8



                               -------
                               Symbols
                               -------

__endmem                000001ff   defined in command file
                                   *** not used ***
__endzp                 00000006   defined in command file section .ubsct
                                   used in C:\Program Files (x86)\COSMIC\FSE_Compilers\CXSTM8\lib\crtsi0.sm8
__idesc__               00008080   defined in linker section .init
                                   used in C:\Program Files (x86)\COSMIC\FSE_Compilers\CXSTM8\lib\crtsi0.sm8
__memory                00000100   defined in command file section .bss
                                   used in C:\Program Files (x86)\COSMIC\FSE_Compilers\CXSTM8\lib\crtsi0.sm8
__stack                 000003ff   defined in command file
                                   used in C:\Program Files (x86)\COSMIC\FSE_Compilers\CXSTM8\lib\crtsi0.sm8
__startmem              00000100   defined in command file section .bss
                                   *** not used ***
__stext                 00008083   defined in C:\Program Files (x86)\COSMIC\FSE_Compilers\CXSTM8\lib\crtsi0.sm8 section .text
                                   used in Debug\stm8_interrupt_vector.o
__vectab                00008000   defined in Debug\stm8_interrupt_vector.o section .const
_exit                   000080d1   defined in C:\Program Files (x86)\COSMIC\FSE_Compilers\CXSTM8\lib\crtsi0.sm8 section .text
_gb_bled_conf           0000814b   defined in Debug\gb_stm8s103_gpio.o section .text
                                   used in Debug\main.o
_gb_delay_ms            00008110   defined in Debug\gb_stm8s103_delay.o section .text
                                   used in Debug\main.o
_gb_delay_sec           0000812d   defined in Debug\gb_stm8s103_delay.o section .text
_gb_delay_us            000080f8   defined in Debug\gb_stm8s103_delay.o section .text
_gb_timer_init          000080d3   defined in Debug\gb_stm8s103_delay.o section .text
                                   used in Debug\main.o
_main                   00008160   defined in Debug\main.o section .text
                                   used in C:\Program Files (x86)\COSMIC\FSE_Compilers\CXSTM8\lib\crtsi0.sm8
c_x                     00000000   defined in (C:\Program Files (x86)\COSMIC\FSE_Compilers\CXSTM8\lib\libm0.sm8)xreg.o section .ubsct
                                   used in C:\Program Files (x86)\COSMIC\FSE_Compilers\CXSTM8\lib\crtsi0.sm8
c_y                     00000003   defined in (C:\Program Files (x86)\COSMIC\FSE_Compilers\CXSTM8\lib\libm0.sm8)yreg.o section .ubsct
                                   used in C:\Program Files (x86)\COSMIC\FSE_Compilers\CXSTM8\lib\crtsi0.sm8
f_NonHandledInterrupt   00008172   defined in Debug\stm8_interrupt_vector.o section .text
